[avsys.tothong.com/index.html]
[backblue.gif]
[fade.gif]
[index.html]
[avsys.tothong.com/wp-content/themes/blogum/images/favico.ico]
[avsys.tothong.com/wp-content/themes/blogum/style.css]
[avsys.tothong.com/wp-content/themes/blogum/pagenavi-css.css]
[avsys.tothong.com/wp-content/plugins/jetpack/css/jetpackf3c8.css]
[avsys.tothong.com/wp-content/plugins/codecolorer/codecolorere2dc.css]
[avsys.tothong.com/feed/rss/index.html]
[avsys.tothong.com/feed/atom/index.html]
[avsys.tothong.com/feed/index.html]
[avsys.tothong.com/wp-includes/js/jquery/jqueryc1d8.js]
[avsys.tothong.com/wp-includes/js/jquery/jquery-migrate.min1576.js]
[avsys.tothong.com/wp-content/themes/blogum/js/jquery.lazyload.minic1f9.js]
[avsys.tothong.com/comments/feed/index.html]
[avsys.tothong.com/wp-content/themes/blogum/js/scriptc1f9.js]
[avsys.tothong.com/wp-admin/admin-ajax.html]
[avsys.tothong.com/wp-content/plugins/devformatter/index.html]
[avsys.tothong.com/wp-json/index.html]
[avsys.tothong.com/wp-content/plugins/devformatter/devfmt_common21a3.js]
[avsys.tothong.com/wp-content/plugins/devformatter/devfmt_public21a3.js]
[avsys.tothong.com/wp-content/plugins/devformatter/devfmt_reset21a3.css]
[avsys.tothong.com/wp-content/plugins/devformatter/devfmt_css21a3.css]
[avsys.tothong.com/wp-content/plugins/vipers-video-quicktags/resources/expressinstall.swf]
[img.youtube.com/vi/1xHuOKxGyvg/0.jpg]
[avsys.tothong.com/category/homework/index.html]
[avsys.tothong.com/category/note/index.html]
[avsys.tothong.com/sdub-the-app/index.html]
[avsys.tothong.com/category/final-project/index.html]
[img.youtube.com/vi/nTEABxz1e_k/0.jpg]
[avsys.tothong.com/n11_final-projects-opencv/index.html]
[avsys.tothong.com/n11_osc/index.html]
[avsys.tothong.com/n10/index.html]
[img.youtube.com/vi/TbV7loKp69s/0.jpg]
[img.youtube.com/vi/nvWwlZSXaR0/0.jpg]
[img.youtube.com/vi/kzniaKxMr2g/0.jpg]
[img.youtube.com/vi/ou6JNQwPWE0/0.jpg]
[img.youtube.com/vi/ouAUo9jVtAU/0.jpg]
[avsys.tothong.com/final-project-proposal/index.html]
[avsys.tothong.com/hw9_white-square/index.html]
[avsys.tothong.com/n9_visitingartist/index.html]
[avsys.tothong.com/hw8_wave-visualization/index.html]
[avsys.tothong.com/n8_cymatics/index.html]
[img.youtube.com/vi/HpovwbPGEoo/0.jpg]
[img.youtube.com/vi/EjX8aCRQ8Ms/0.jpg]
[img.youtube.com/vi/kBq2tI1GQB0/0.jpg]
[img.youtube.com/vi/gtfJ5qZbwfg/0.jpg]
[i2.wp.com/www.afn.org/_cthugha/gallery/full0557d2.jpg]
[avsys.tothong.com/hw7_score/index.html]
[i0.wp.com/avsys.tothong.com/wp-content/uploads/2012/03/notscore.jpg]
[i0.wp.com/avsys.tothong.com/wp-content/uploads/2012/03/notscore-e1332338022356-1024x7683895.jpg]
[i1.wp.com/avsys.tothong.com/wp-content/uploads/2012/03/Screen-Shot-2012-03-21-at-9.43.13-AM.png]
[i2.wp.com/avsys.tothong.com/wp-content/uploads/2012/03/forgetmenotthis.jpg]
[i1.wp.com/avsys.tothong.com/wp-content/uploads/2012/03/Screen-Shot-2012-03-21-at-9.43.13-AM12b7.png]
[i0.wp.com/avsys.tothong.com/wp-content/uploads/2012/03/20120319-_DSC0035.jpg]
[i2.wp.com/avsys.tothong.com/wp-content/uploads/2012/03/forgetmenotthisc048.jpg]
[i0.wp.com/avsys.tothong.com/wp-content/uploads/2012/03/20120319-_DSC0034.jpg]
[i0.wp.com/avsys.tothong.com/wp-content/uploads/2012/03/20120319-_DSC0035ea9f.jpg]
[i2.wp.com/avsys.tothong.com/wp-content/uploads/2012/03/20120319-_DSC0033.jpg]
[i0.wp.com/avsys.tothong.com/wp-content/uploads/2012/03/20120319-_DSC0034ea9f.jpg]
[i0.wp.com/avsys.tothong.com/wp-content/uploads/2012/03/20120319-_DSC0032.jpg]
[i2.wp.com/avsys.tothong.com/wp-content/uploads/2012/03/20120319-_DSC0033ea9f.jpg]
[i1.wp.com/avsys.tothong.com/wp-content/uploads/2012/03/20120319-_DSC0031.jpg]
[i0.wp.com/avsys.tothong.com/wp-content/uploads/2012/03/20120319-_DSC0032ea9f.jpg]
[i0.wp.com/avsys.tothong.com/wp-content/uploads/2012/03/20120319-_DSC0030.jpg]
[i1.wp.com/avsys.tothong.com/wp-content/uploads/2012/03/20120319-_DSC0031ea9f.jpg]
[i0.wp.com/avsys.tothong.com/wp-content/uploads/2012/03/20120319-_DSC0029.jpg]
[i0.wp.com/avsys.tothong.com/wp-content/uploads/2012/03/20120319-_DSC0030ea9f.jpg]
[i2.wp.com/avsys.tothong.com/wp-content/uploads/2012/03/20120319-_DSC0028.jpg]
[i0.wp.com/avsys.tothong.com/wp-content/uploads/2012/03/20120319-_DSC0029ea9f.jpg]
[i2.wp.com/avsys.tothong.com/wp-content/uploads/2012/03/20120319-_DSC0027.jpg]
[i2.wp.com/avsys.tothong.com/wp-content/uploads/2012/03/20120319-_DSC0028ea9f.jpg]
[i0.wp.com/avsys.tothong.com/wp-content/uploads/2012/03/20120319-_DSC0026.jpg]
[i2.wp.com/avsys.tothong.com/wp-content/uploads/2012/03/20120319-_DSC0027ea9f.jpg]
[i1.wp.com/avsys.tothong.com/wp-content/uploads/2012/03/20120319-_DSC0024.jpg]
[i0.wp.com/avsys.tothong.com/wp-content/uploads/2012/03/20120319-_DSC0026ea9f.jpg]
[i0.wp.com/avsys.tothong.com/wp-content/uploads/2012/03/20120319-_DSC0023.jpg]
[i1.wp.com/avsys.tothong.com/wp-content/uploads/2012/03/20120319-_DSC0024ea9f.jpg]
[i0.wp.com/avsys.tothong.com/wp-content/uploads/2012/03/20120319-_DSC0022.jpg]
[i0.wp.com/avsys.tothong.com/wp-content/uploads/2012/03/20120319-_DSC0023ea9f.jpg]
[avsys.tothong.com/page/2.html]
[i0.wp.com/avsys.tothong.com/wp-content/uploads/2012/03/20120319-_DSC0022ea9f.jpg]
[avsys.tothong.com/wp-login.html]
[avsys.tothong.com/2012/05/index.html]
[avsys.tothong.com/wp-content/plugins/jetpack/modules/photon/photonb3d9.js]
[avsys.tothong.com/2012/04/index.html]
[s0.wp.com/wp-content/js/devicepx-jetpack3467.js]
[avsys.tothong.com/2012/03/index.html]
[s.gravatar.com/js/gprofiles1554.js]
[avsys.tothong.com/2012/02/index.html]
[avsys.tothong.com/wp-content/plugins/jetpack/modules/wpgrohoc1f9.js]
[avsys.tothong.com/2012/01/index.html]
[avsys.tothong.com/wp-includes/js/wp-embed.minc1f9.js]
[avsys.tothong.com/wp-includes/js/swfobjecteb77.js]
[stats.wp.com/e-201627.js]
[avsys.tothong.com/index.html]
[avsys.tothong.com/wp-content/themes/blogum/images/menu.png]
[avsys.tothong.com/wp-content/themes/blogum/images/search.png]
[avsys.tothong.com/wp-content/themes/blogum/images/dash.png]
[avsys.tothong.com/wp-content/themes/blogum/images/facebook.png]
[avsys.tothong.com/wp-content/themes/blogum/images/twitter.png]
[avsys.tothong.com/wp-content/themes/blogum/images/digg.png]
[avsys.tothong.com/wp-content/themes/blogum/images/stumbleupon.png]
[avsys.tothong.com/wp-content/themes/blogum/images/delicious.png]
[avsys.tothong.com/wp-content/themes/blogum/images/tag.png]
[avsys.tothong.com/wp-content/themes/blogum/style.css]
[avsys.tothong.com/wp-content/themes/blogum/pagenavi-css.css]
[avsys.tothong.com/xmlrpc.php]
[avsys.tothong.com/comments/feed/index.html]
[avsys.tothong.com/wp-content/plugins/jetpack/modules/carousel/images/arrows.png]
[avsys.tothong.com/wp-content/plugins/jetpack/modules/carousel/images/arrows-2x.png]
[avsys.tothong.com/wp-content/plugins/jetpack/modules/carousel/images/carousel-spritee4da.png]
[avsys.tothong.com/wp-content/plugins/jetpack/modules/carousel/images/carousel-sprite-2xe4da.png]
[avsys.tothong.com/wp-content/plugins/jetpack/modules/shortcodes/img/slideshow-controls.png]
[avsys.tothong.com/wp-content/plugins/jetpack/modules/shortcodes/img/slideshow-controls-2x.png]
[avsys.tothong.com/wp-content/plugins/jetpack/modules/shortcodes/images/slide-nav.png]
[avsys.tothong.com/wp-content/plugins/jetpack/modules/shortcodes/images/expand.png]
[avsys.tothong.com/wp-content/plugins/jetpack/modules/shortcodes/images/collapse.png]
[0.gravatar.com/images/grav-share-sprite.png]
[avsys.tothong.com/wp-content/plugins/jetpack/css/jetpackf3c8.css]
[avsys.tothong.com/wp-content/plugins/codecolorer/codecolorere2dc.css]
[avsys.tothong.com/wp-content/plugins/devformatter/_zclipboard.swf]
[avsys.tothong.com/wp-content/plugins/devformatter/devcommon.php]
[avsys.tothong.com/wp-content/plugins/index.html]
[avsys.tothong.com/wp-content/plugins/devformatter/devfmt_ajax.php]
[avsys.tothong.com/wp-logina87e.html]
[avsys.tothong.com/wp-content/plugins/devformatter/devfmt_common.js]
[avsys.tothong.com/wp-content/plugins/devformatter/devfmt_css.css]
[avsys.tothong.com/wp-content/plugins/devformatter/devfmt_edit_plugin.js]
[avsys.tothong.com/wp-content/plugins/devformatter/devfmt_editor.js]
[avsys.tothong.com/wp-content/plugins/devformatter/devfmt_public.js]
[avsys.tothong.com/wp-content/plugins/devformatter/devfmt_reset.css]
[avsys.tothong.com/wp-content/plugins/devformatter/devformatter.php]
[avsys.tothong.com/wp-content/plugins/devformatter/devgeshi.html]
[avsys.tothong.com/wp-content/plugins/devformatter/devinstall.html]
[avsys.tothong.com/wp-content/plugins/devformatter/devinterface.html]
[avsys.tothong.com/wp-content/plugins/devformatter/error_log]
[avsys.tothong.com/wp-content/plugins/devformatter/readme.txt]
[avsys.tothong.com/wp-content/plugins/devformatter/screenshot-1.gif]
[avsys.tothong.com/wp-content/plugins/devformatter/geshi/index.html]
[avsys.tothong.com/wp-content/plugins/devformatter/langs/index.html]
[avsys.tothong.com/wp-content/plugins/devformatter/img/index.html]
[avsys.tothong.com/wp-content/plugins/devformatter/screenshot-2.gif]
[avsys.tothong.com/wp-content/plugins/devformatter/screenshot-3.gif]
[avsys.tothong.com/wp-content/plugins/devformatter/screenshot-4.gif]
[avsys.tothong.com/wp-content/plugins/devformatter/index.html]
[avsys.tothong.com/wp-admin/admin-ajax.html]
[avsys.tothong.com/wp-content/plugins/devformatter/devfmt_reset21a3.css]
[avsys.tothong.com/wp-content/plugins/devformatter/devfmt_css21a3.css]
[avsys.tothong.com/wp-content/plugins/devformatter/tmp-devformatter-readme.pot]
[avsys.tothong.com/wp-content/uploads/2012/03/20120314-_DSC0001.jpg]
[i2.wp.com/avsys.tothong.com/wp-content/uploads/2012/03/20120314-_DSC000139de.jpg]
[avsys.tothong.com/category/homework/feed/index.html]
[avsys.tothong.com/hw6_angmod_waterseq/index.html]
[i2.wp.com/avsys.tothong.com/wp-content/uploads/2012/03/20120314-_DSC0004.jpg]
[i2.wp.com/avsys.tothong.com/wp-content/uploads/2012/03/20120314-_DSC0004ea58.jpg]
[i0.wp.com/avsys.tothong.com/wp-content/uploads/2012/03/20120314-_DSC0006.jpg]
[i2.wp.com/avsys.tothong.com/wp-content/uploads/2012/03/20120314-_DSC0017.jpg]
[i0.wp.com/avsys.tothong.com/wp-content/uploads/2012/03/20120314-_DSC0006ea58.jpg]
[i0.wp.com/avsys.tothong.com/wp-content/uploads/2012/03/20120314-_DSC0015.jpg]
[i2.wp.com/avsys.tothong.com/wp-content/uploads/2012/03/20120314-_DSC001739de.jpg]
[i2.wp.com/avsys.tothong.com/wp-content/uploads/2012/03/20120314-_DSC0011.jpg]
[i0.wp.com/avsys.tothong.com/wp-content/uploads/2012/03/20120314-_DSC0015ea58.jpg]
[avsys.tothong.com/wp-content/uploads/2012/03/fSequencer.zip]
[i2.wp.com/avsys.tothong.com/wp-content/uploads/2012/03/20120314-_DSC0011ea58.jpg]
[img.youtube.com/vi/r472DFdBtUA/0.jpg]
[avsys.tothong.com/hw5_sequencer_object/index.html]
[avsys.tothong.com/wp-content/uploads/2012/02/src3.zip]
[avsys.tothong.com/hw4_fm_vector/index.html]
[img.youtube.com/vi/ZvmESjeBg2E/0.jpg]
[avsys.tothong.com/hw3_am/index.html]
[avsys.tothong.com/wp-content/uploads/2012/02/src.zip]
[avsys.tothong.com/wp-content/uploads/2012/02/src1.zip]
[avsys.tothong.com/w2_additivesynthesis/index.html]
[avsys.tothong.com/wp-content/uploads/2012/02/src2.zip]
[avsys.tothong.com/wp-content/uploads/2012/02/1.mp3]
[i2.wp.com/avsys.tothong.com/wp-content/uploads/2012/02/09d59e.jpg]
[avsys.tothong.com/hw1_9i9s/index.html]
[avsys.tothong.com/wp-content/uploads/2012/02/2.mp3]
[i0.wp.com/avsys.tothong.com/wp-content/uploads/2012/02/08d59e.jpg]
[avsys.tothong.com/wp-content/uploads/2012/02/3.mp3]
[i1.wp.com/avsys.tothong.com/wp-content/uploads/2012/02/07d59e.jpg]
[i2.wp.com/avsys.tothong.com/wp-content/uploads/2012/02/06d59e.jpg]
[avsys.tothong.com/wp-content/uploads/2012/02/5.mp3]
[i2.wp.com/avsys.tothong.com/wp-content/uploads/2012/02/05d59e.jpg]
[avsys.tothong.com/wp-content/uploads/2012/02/6.mp3]
[i1.wp.com/avsys.tothong.com/wp-content/uploads/2012/02/04d59e.jpg]
[avsys.tothong.com/wp-content/uploads/2012/02/7.mp3]
[i0.wp.com/avsys.tothong.com/wp-content/uploads/2012/02/03d59e.jpg]
[avsys.tothong.com/wp-content/uploads/2012/02/8.mp3]
[i1.wp.com/avsys.tothong.com/wp-content/uploads/2012/02/02d59e.jpg]
[avsys.tothong.com/wp-content/uploads/2012/02/9.mp3]
[i0.wp.com/avsys.tothong.com/wp-content/uploads/2012/02/01d59e.jpg]
[avsys.tothong.com/category/homework/index.html]
[avsys.tothong.com/category/note/feed/index.html]
[img.youtube.com/vi/71hNl_skTZQ/0.jpg]
[img.youtube.com/vi/yztoaNakKok/0.jpg]
[avsys.tothong.com/n7_envelop_video/index.html]
[img.youtube.com/vi/IJ4qJ8mW6-o/0.jpg]
[img.youtube.com/vi/0V2TZKcWnXE/0.jpg]
[avsys.tothong.com/note-●-6-●/index.html]
[img.youtube.com/vi/TzewaavSKCo/0.jpg]
[avsys.tothong.com/note-●-5/index.html]
[img.youtube.com/vi/v89b6kPmvfQ/0.jpg]
[img.youtube.com/vi/dPiBWfNAriA/0.jpg]
[img.youtube.com/vi/J_coVK7QgjE/0.jpg]
[img.youtube.com/vi/LHbckGWz-fo/0.jpg]
[img.youtube.com/vi/y_gfzx8DQx0/0.jpg]
[img.youtube.com/vi/06502OKsmco/0.jpg]
[avsys.tothong.com/n4_fm/index.html]
[img.youtube.com/vi/q7g8eMmjn2k/0.jpg]
[img.youtube.com/vi/PPlbXl81Rs0/0.jpg]
[img.youtube.com/vi/w5qf9O6c20o/0.jpg]
[img.youtube.com/vi/zvCrZSM3F2Q/0.jpg]
[avsys.tothong.com/category/note/page/2.html]
[avsys.tothong.com/category/note/index.html]
[avsys.tothong.com/wp-content/plugins/jetpack/modules/related-posts/related-posts7f79.js]
[avsys.tothong.com/n3_amfm/index.html]
[avsys.tothong.com/wp-json/oembed/1.0/embed7e0a.json]
[avsys.tothong.com/sdub-the-app/index.html]
[avsys.tothong.com/category/final-project/index.html]
[avsys.tothong.com/wp-json/oembed/1.0/embedfd56]
[avsys.tothong.com/wp-json/oembed/1.0/embed61fc.json]
[avsys.tothong.com/category/final-project/feed/index.html]
[avsys.tothong.com/n11_final-projects-opencv/index.html]
[avsys.tothong.com/wp-json/oembed/1.0/embeddf28]
[avsys.tothong.com/wp-json/oembed/1.0/embed3c30.json]
[avsys.tothong.com/n11_osc/index.html]
[avsys.tothong.com/wp-json/oembed/1.0/embed4247]
[avsys.tothong.com/wp-json/oembed/1.0/embede039.json]
[avsys.tothong.com/n10/index.html]
[avsys.tothong.com/wp-json/oembed/1.0/embed0963]
[avsys.tothong.com/wp-json/oembed/1.0/embedc725.json]
[avsys.tothong.com/final-project-proposal/index.html]
[avsys.tothong.com/wp-json/oembed/1.0/embedb00e]
[avsys.tothong.com/wp-json/oembed/1.0/embed81c4.json]
[avsys.tothong.com/hw9_white-square/index.html]
[avsys.tothong.com/wp-json/oembed/1.0/embed697d]
[avsys.tothong.com/wp-json/oembed/1.0/embed4c71.json]
[avsys.tothong.com/n9_visitingartist/index.html]
[avsys.tothong.com/wp-json/oembed/1.0/embed9bcb]
[avsys.tothong.com/wp-json/oembed/1.0/embedd459.json]
[avsys.tothong.com/hw8_wave-visualization/index.html]
[avsys.tothong.com/wp-json/oembed/1.0/embed17da]
[avsys.tothong.com/wp-json/oembed/1.0/embed7b31.json]
[avsys.tothong.com/n8_cymatics/index.html]
[img.youtube.com/vi/me5Zzm2TXh4/0.jpg]
[avsys.tothong.com/wp-json/oembed/1.0/embed1b86]
[avsys.tothong.com/wp-json/oembed/1.0/embedcb4e.json]
[avsys.tothong.com/hw7_score/index.html]
[avsys.tothong.com/wp-json/oembed/1.0/embed4e23]
[avsys.tothong.com/page/3.html]
[avsys.tothong.com/page/2.html]
[avsys.tothong.com/2012/05/index.html]
[avsys.tothong.com/2012/04/index.html]
[avsys.tothong.com/2012/03/index.html]
[avsys.tothong.com/2012/02/index.html]
[mitworld.mit.edu/flash/player/Maindfbd.swf]
[avsys.tothong.com/2012/01/index.html]
[avsys.tothong.com/wp-includes/css/buttons.minc1f9.css]
[avsys.tothong.com/n1_introduction/index.html]
[avsys.tothong.com/n2_dive_intosound/index.html]
[avsys.tothong.com/wp-includes/css/dashicons.minc1f9.css]
[avsys.tothong.com/wp-admin/css/login.minc1f9.css]
[avsys.tothong.com/wp-loginc2b6.html]
[avsys.tothong.com/wp-login.html]
[s0.wp.com/wp-content/js/devicepx-jetpack3467.js]
[avsys.tothong.com/wp-admin/index.html]
[avsys.tothong.com/ABCDEFGHIJKLMNOPQRSTUVWXYZabcdefghijklmnopqrstuvwxyz0123456789+/index.html]
[pixel.wp.com/g9818.gif]
[s.gravatar.com/js/gprofiles1554.js]
[avsys.tothong.com/g.gif]
[avsys.tothong.com/c.gif]
[stats.wp.com/e-201627.js]
[avsys.tothong.com/wp-content/plugins/index.html]
[avsys.tothong.com/wp-logina87e.html]
[avsys.tothong.com/wp-content/plugins/devformatter/devfmt_css.css]
[avsys.tothong.com/wp-content/plugins/devformatter/devfmt_reset.css]
[avsys.tothong.com/wp-content/plugins/devformatter/devgeshi.html]
[avsys.tothong.com/wp-content/plugins/devformatter/devinstall.html]
[avsys.tothong.com/wp-content/plugins/devformatter/devinterface.html]
[avsys.tothong.com/wp-content/plugins/devformatter/devcommon.html]
[avsys.tothong.com/wp-content/plugins/devformatter/devformatter.html]
[avsys.tothong.com/wp-content/plugins/devformatter/geshi/geshi.html]
[avsys.tothong.com/wp-content/plugins/devformatter/geshi/index.html]
[avsys.tothong.com/wp-content/plugins/devformatter/img/devformatter-button.png]
[avsys.tothong.com/wp-content/plugins/devformatter/geshi/geshi/index.html]
[avsys.tothong.com/wp-content/plugins/devformatter/img/devformatter-copy.png]
[avsys.tothong.com/wp-content/plugins/devformatter/img/index.html]
[avsys.tothong.com/wp-content/plugins/devformatter/langs/index.html]
[avsys.tothong.com/wp-content/plugins/devformatter/readme.html]
[avsys.tothong.com/wp-content/plugins/devformatter/langs/en.js]
[avsys.tothong.com/wp-json/oembed/1.0/embedb325.json]
[avsys.tothong.com/hw6_angmod_waterseq/index.html]
[avsys.tothong.com/wp-json/oembed/1.0/embedb75a]
[avsys.tothong.com/wp-json/oembed/1.0/embed6a94.json]
[avsys.tothong.com/hw5_sequencer_object/index.html]
[avsys.tothong.com/wp-json/oembed/1.0/embed5818]
[avsys.tothong.com/wp-json/oembed/1.0/embed5613.json]
[avsys.tothong.com/hw4_fm_vector/index.html]
[avsys.tothong.com/wp-json/oembed/1.0/embedf92e]
[avsys.tothong.com/wp-json/oembed/1.0/embedaf13.json]
[avsys.tothong.com/hw3_am/index.html]
[avsys.tothong.com/wp-json/oembed/1.0/embed32b0]
[avsys.tothong.com/wp-json/oembed/1.0/embed27df.json]
[avsys.tothong.com/w2_additivesynthesis/index.html]
[avsys.tothong.com/wp-json/oembed/1.0/embed378e]
[avsys.tothong.com/wp-json/oembed/1.0/embedccc7.json]
[avsys.tothong.com/hw1_9i9s/index.html]
[avsys.tothong.com/wp-json/oembed/1.0/embed9a3a]
[avsys.tothong.com/wp-content/uploads/2012/02/4.mp3]
[avsys.tothong.com/wp-json/oembed/1.0/embedfb19.json]
[avsys.tothong.com/n7_envelop_video/index.html]
[avsys.tothong.com/note-●-6-●/index.html]
[avsys.tothong.com/note-●-5/index.html]
[img.youtube.com/vi/8y8BzEILdDw/0.jpg]
[img.youtube.com/vi/_SGwDhKTrwU/0.jpg]
[avsys.tothong.com/wp-json/oembed/1.0/embedaa42]
[avsys.tothong.com/wp-json/oembed/1.0/embedb296.json]
[avsys.tothong.com/n4_fm/index.html]
[avsys.tothong.com/wp-json/oembed/1.0/embede4ef]
[avsys.tothong.com/wp-json/oembed/1.0/embedc6e0.json]
[avsys.tothong.com/n3_amfm/index.html]
[avsys.tothong.com/wp-json/oembed/1.0/embedb841]
[avsys.tothong.com/category/note/page/2.html]
[avsys.tothong.com/page/3.html]
[avsys.tothong.com/category/note.html]
[avsys.tothong.com/wp-json/oembed/1.0/embedc2be.json]
[avsys.tothong.com/n2_dive_intosound/index.html]
[avsys.tothong.com/wp-json/oembed/1.0/embed5623]
[avsys.tothong.com/wp-json/oembed/1.0/embedc286.json]
[avsys.tothong.com/n1_introduction/index.html]
[avsys.tothong.com/wp-includes/css/buttons.minc1f9.css]
[avsys.tothong.com/wp-json/oembed/1.0/embedc8c5]
[avsys.tothong.com/wp-includes/fonts/dashicons.eot]
[avsys.tothong.com/wp-includes/css/dashicons.minc1f9.css]
[avsys.tothong.com/wp-admin/images/loading.gif]
[avsys.tothong.com/wp-admin/images/w-logo-blue7a53.png]
[avsys.tothong.com/wp-admin/css/login.minc1f9.css]
[avsys.tothong.com/wp-admin/index.html]
[avsys.tothong.com/wp-loginc2b6.html]
[avsys.tothong.com/ABCDEFGHIJKLMNOPQRSTUVWXYZabcdefghijklmnopqrstuvwxyz0123456789+/index.html]
[avsys.tothong.com/g.html]
[avsys.tothong.com/c.html]
[avsys.tothong.com/wp-content/plugins/devformatter/geshi/geshi.html]
[avsys.tothong.com/wp-content/plugins/devformatter/geshi/geshi/index.html]
[avsys.tothong.com/category/note.html]
[avsys.tothong.com/wp-admin/images/wordpress-logo7d6b.svg]
[avsys.tothong.com/wp-login5028.html]
[avsys.tothong.com/wp-content/plugins/devformatter/devcommon.html]
[avsys.tothong.com/wp-content/plugins/devformatter/devformatter.html]
[avsys.tothong.com/wp-admin/&reauth=1]
[avsys.tothong.com/wp-login5028.html]
[avsys.tothong.com/wp-content/plugins/devformatter/devcommon.html]
[avsys.tothong.com/wp-content/plugins/devformatter/devformatter.html]
[avsys.tothong.com/wp-admin/&reauth=1.html]
